// Jest Snapshot v1, https://goo.gl/fbAQLP

exports[`CurrencyInput test renders an input 1`] = `
ShallowWrapper {
  Symbol(enzyme.__root__): ShallowWrapper {
    Symbol(enzyme.__root__): [Circular],
    Symbol(enzyme.__unrendered__): <CurrencyInput
      balance={null}
      currency="GBP"
      style={
        Object {
          "background": "#FFFFFF",
          "color": "transparent",
        }
      }
    />,
    Symbol(enzyme.__renderer__): Object {
      "batchedUpdates": [Function],
      "getNode": [Function],
      "render": [Function],
      "simulateError": [Function],
      "simulateEvent": [Function],
      "unmount": [Function],
    },
    Symbol(enzyme.__node__): Object {
      "instance": null,
      "key": undefined,
      "nodeType": "function",
      "props": Object {
        "children": <ForwardRef>
          <ForwardRef>
            <ForwardRef>
              <ForwardRef
                size="large"
                src={
                  Object {
                    "ReactComponent": [Function],
                    "__esModule": true,
                    "default": "GBP.svg",
                  }
                }
              />
              <p>
                GBP
              </p>
            </ForwardRef>
            <ForwardRef>
              Balance: 
              0
            </ForwardRef>
          </ForwardRef>
          <ForwardRef
            disabled={false}
            onChange={[Function]}
            placeholder="0"
            type="number"
          />
        </ForwardRef>,
        "style": Object {
          "background": "#FFFFFF",
          "color": "transparent",
        },
      },
      "ref": null,
      "rendered": Object {
        "instance": null,
        "key": undefined,
        "nodeType": "function",
        "props": Object {
          "children": Array [
            <ForwardRef>
              <ForwardRef>
                <ForwardRef
                  size="large"
                  src={
                    Object {
                      "ReactComponent": [Function],
                      "__esModule": true,
                      "default": "GBP.svg",
                    }
                  }
                />
                <p>
                  GBP
                </p>
              </ForwardRef>
              <ForwardRef>
                Balance: 
                0
              </ForwardRef>
            </ForwardRef>,
            <ForwardRef
              disabled={false}
              onChange={[Function]}
              placeholder="0"
              type="number"
            />,
          ],
        },
        "ref": null,
        "rendered": Array [
          Object {
            "instance": null,
            "key": undefined,
            "nodeType": "function",
            "props": Object {
              "children": Array [
                <ForwardRef>
                  <ForwardRef
                    size="large"
                    src={
                      Object {
                        "ReactComponent": [Function],
                        "__esModule": true,
                        "default": "GBP.svg",
                      }
                    }
                  />
                  <p>
                    GBP
                  </p>
                </ForwardRef>,
                <ForwardRef>
                  Balance: 
                  0
                </ForwardRef>,
              ],
            },
            "ref": null,
            "rendered": Array [
              Object {
                "instance": null,
                "key": undefined,
                "nodeType": "function",
                "props": Object {
                  "children": Array [
                    <ForwardRef
                      size="large"
                      src={
                        Object {
                          "ReactComponent": [Function],
                          "__esModule": true,
                          "default": "GBP.svg",
                        }
                      }
                    />,
                    <p>
                      GBP
                    </p>,
                  ],
                  "onClick": undefined,
                },
                "ref": null,
                "rendered": Array [
                  Object {
                    "instance": null,
                    "key": undefined,
                    "nodeType": "function",
                    "props": Object {
                      "size": "large",
                      "src": Object {
                        "ReactComponent": [Function],
                        "__esModule": true,
                        "default": "GBP.svg",
                      },
                    },
                    "ref": null,
                    "rendered": null,
                    "type": Object {
                      "$$typeof": Symbol(react.forward_ref),
                      "attrs": Array [],
                      "componentStyle": ComponentStyle {
                        "componentId": "sc-htpNat",
                        "isStatic": false,
                        "rules": Array [
                          "
	width: 100%;
	margin-right: 15px;
	height: ",
                          [Function],
                          "
",
                        ],
                      },
                      "displayName": "styled.img",
                      "foldedComponentIds": Array [],
                      "render": [Function],
                      "styledComponentId": "sc-htpNat",
                      "target": "img",
                      "toString": [Function],
                      "warnTooManyClasses": [Function],
                      "withComponent": [Function],
                    },
                  },
                  Object {
                    "instance": null,
                    "key": undefined,
                    "nodeType": "host",
                    "props": Object {
                      "children": "GBP",
                    },
                    "ref": null,
                    "rendered": "GBP",
                    "type": "p",
                  },
                ],
                "type": Object {
                  "$$typeof": Symbol(react.forward_ref),
                  "attrs": Array [],
                  "componentStyle": ComponentStyle {
                    "componentId": "sc-EHOje",
                    "isStatic": true,
                    "rules": Array [
                      "
	display: flex;
	align-items: center;
	height: 100%;
	background-color: transparent;
	cursor: pointer;
",
                    ],
                  },
                  "displayName": "styled.button",
                  "foldedComponentIds": Array [],
                  "render": [Function],
                  "styledComponentId": "sc-EHOje",
                  "target": "button",
                  "toString": [Function],
                  "warnTooManyClasses": [Function],
                  "withComponent": [Function],
                },
              },
              Object {
                "instance": null,
                "key": undefined,
                "nodeType": "function",
                "props": Object {
                  "children": Array [
                    "Balance: ",
                    0,
                  ],
                },
                "ref": null,
                "rendered": Array [
                  "Balance: ",
                  0,
                ],
                "type": Object {
                  "$$typeof": Symbol(react.forward_ref),
                  "attrs": Array [],
                  "componentStyle": ComponentStyle {
                    "componentId": "sc-bZQynM",
                    "isStatic": true,
                    "rules": Array [
                      "
	width: 20vw;
	color: black;
",
                    ],
                  },
                  "displayName": "styled.div",
                  "foldedComponentIds": Array [],
                  "render": [Function],
                  "styledComponentId": "sc-bZQynM",
                  "target": "div",
                  "toString": [Function],
                  "warnTooManyClasses": [Function],
                  "withComponent": [Function],
                },
              },
            ],
            "type": Object {
              "$$typeof": Symbol(react.forward_ref),
              "attrs": Array [],
              "componentStyle": ComponentStyle {
                "componentId": "sc-ifAKCX",
                "isStatic": true,
                "rules": Array [
                  "
	display: flex;
	flex-direction: column;
	height: 100%;
	width: 30px;
",
                ],
              },
              "displayName": "styled.div",
              "foldedComponentIds": Array [],
              "render": [Function],
              "styledComponentId": "sc-ifAKCX",
              "target": "div",
              "toString": [Function],
              "warnTooManyClasses": [Function],
              "withComponent": [Function],
            },
          },
          Object {
            "instance": null,
            "key": undefined,
            "nodeType": "function",
            "props": Object {
              "disabled": false,
              "onChange": [Function],
              "placeholder": "0",
              "type": "number",
              "value": undefined,
            },
            "ref": null,
            "rendered": null,
            "type": Object {
              "$$typeof": Symbol(react.forward_ref),
              "attrs": Array [],
              "componentStyle": ComponentStyle {
                "componentId": "sc-bxivhb",
                "isStatic": true,
                "rules": Array [
                  "
	width: 100%;
	font-size: 3rem; 
	appearance: none;
	margin: 0;
	background-color: transparent;
	text-align: right;
",
                ],
              },
              "displayName": "styled.input",
              "foldedComponentIds": Array [],
              "render": [Function],
              "styledComponentId": "sc-bxivhb",
              "target": "input",
              "toString": [Function],
              "warnTooManyClasses": [Function],
              "withComponent": [Function],
            },
          },
        ],
        "type": Object {
          "$$typeof": Symbol(react.forward_ref),
          "attrs": Array [],
          "componentStyle": ComponentStyle {
            "componentId": "sc-bwzfXH",
            "isStatic": true,
            "rules": Array [
              "
	display: flex;
	align-items: center;
	height: 100%;
	padding: 0 4%;
",
            ],
          },
          "displayName": "styled.div",
          "foldedComponentIds": Array [],
          "render": [Function],
          "styledComponentId": "sc-bwzfXH",
          "target": "div",
          "toString": [Function],
          "warnTooManyClasses": [Function],
          "withComponent": [Function],
        },
      },
      "type": Object {
        "$$typeof": Symbol(react.forward_ref),
        "attrs": Array [],
        "componentStyle": ComponentStyle {
          "componentId": "sc-bdVaJa",
          "isStatic": false,
          "rules": Array [
            "
	display: flex;
	flex-direction: column;
	width: 100%;
	height: 10vh;
	background: ",
            [Function],
            ";
	padding: 5% 0;

	@media (min-width: 700px) {
		width: 45%;
	}
",
          ],
        },
        "displayName": "styled.div",
        "foldedComponentIds": Array [],
        "render": [Function],
        "styledComponentId": "sc-bdVaJa",
        "target": "div",
        "toString": [Function],
        "warnTooManyClasses": [Function],
        "withComponent": [Function],
      },
    },
    Symbol(enzyme.__nodes__): Array [
      Object {
        "instance": null,
        "key": undefined,
        "nodeType": "function",
        "props": Object {
          "children": <ForwardRef>
            <ForwardRef>
              <ForwardRef>
                <ForwardRef
                  size="large"
                  src={
                    Object {
                      "ReactComponent": [Function],
                      "__esModule": true,
                      "default": "GBP.svg",
                    }
                  }
                />
                <p>
                  GBP
                </p>
              </ForwardRef>
              <ForwardRef>
                Balance: 
                0
              </ForwardRef>
            </ForwardRef>
            <ForwardRef
              disabled={false}
              onChange={[Function]}
              placeholder="0"
              type="number"
            />
          </ForwardRef>,
          "style": Object {
            "background": "#FFFFFF",
            "color": "transparent",
          },
        },
        "ref": null,
        "rendered": Object {
          "instance": null,
          "key": undefined,
          "nodeType": "function",
          "props": Object {
            "children": Array [
              <ForwardRef>
                <ForwardRef>
                  <ForwardRef
                    size="large"
                    src={
                      Object {
                        "ReactComponent": [Function],
                        "__esModule": true,
                        "default": "GBP.svg",
                      }
                    }
                  />
                  <p>
                    GBP
                  </p>
                </ForwardRef>
                <ForwardRef>
                  Balance: 
                  0
                </ForwardRef>
              </ForwardRef>,
              <ForwardRef
                disabled={false}
                onChange={[Function]}
                placeholder="0"
                type="number"
              />,
            ],
          },
          "ref": null,
          "rendered": Array [
            Object {
              "instance": null,
              "key": undefined,
              "nodeType": "function",
              "props": Object {
                "children": Array [
                  <ForwardRef>
                    <ForwardRef
                      size="large"
                      src={
                        Object {
                          "ReactComponent": [Function],
                          "__esModule": true,
                          "default": "GBP.svg",
                        }
                      }
                    />
                    <p>
                      GBP
                    </p>
                  </ForwardRef>,
                  <ForwardRef>
                    Balance: 
                    0
                  </ForwardRef>,
                ],
              },
              "ref": null,
              "rendered": Array [
                Object {
                  "instance": null,
                  "key": undefined,
                  "nodeType": "function",
                  "props": Object {
                    "children": Array [
                      <ForwardRef
                        size="large"
                        src={
                          Object {
                            "ReactComponent": [Function],
                            "__esModule": true,
                            "default": "GBP.svg",
                          }
                        }
                      />,
                      <p>
                        GBP
                      </p>,
                    ],
                    "onClick": undefined,
                  },
                  "ref": null,
                  "rendered": Array [
                    Object {
                      "instance": null,
                      "key": undefined,
                      "nodeType": "function",
                      "props": Object {
                        "size": "large",
                        "src": Object {
                          "ReactComponent": [Function],
                          "__esModule": true,
                          "default": "GBP.svg",
                        },
                      },
                      "ref": null,
                      "rendered": null,
                      "type": Object {
                        "$$typeof": Symbol(react.forward_ref),
                        "attrs": Array [],
                        "componentStyle": ComponentStyle {
                          "componentId": "sc-htpNat",
                          "isStatic": false,
                          "rules": Array [
                            "
	width: 100%;
	margin-right: 15px;
	height: ",
                            [Function],
                            "
",
                          ],
                        },
                        "displayName": "styled.img",
                        "foldedComponentIds": Array [],
                        "render": [Function],
                        "styledComponentId": "sc-htpNat",
                        "target": "img",
                        "toString": [Function],
                        "warnTooManyClasses": [Function],
                        "withComponent": [Function],
                      },
                    },
                    Object {
                      "instance": null,
                      "key": undefined,
                      "nodeType": "host",
                      "props": Object {
                        "children": "GBP",
                      },
                      "ref": null,
                      "rendered": "GBP",
                      "type": "p",
                    },
                  ],
                  "type": Object {
                    "$$typeof": Symbol(react.forward_ref),
                    "attrs": Array [],
                    "componentStyle": ComponentStyle {
                      "componentId": "sc-EHOje",
                      "isStatic": true,
                      "rules": Array [
                        "
	display: flex;
	align-items: center;
	height: 100%;
	background-color: transparent;
	cursor: pointer;
",
                      ],
                    },
                    "displayName": "styled.button",
                    "foldedComponentIds": Array [],
                    "render": [Function],
                    "styledComponentId": "sc-EHOje",
                    "target": "button",
                    "toString": [Function],
                    "warnTooManyClasses": [Function],
                    "withComponent": [Function],
                  },
                },
                Object {
                  "instance": null,
                  "key": undefined,
                  "nodeType": "function",
                  "props": Object {
                    "children": Array [
                      "Balance: ",
                      0,
                    ],
                  },
                  "ref": null,
                  "rendered": Array [
                    "Balance: ",
                    0,
                  ],
                  "type": Object {
                    "$$typeof": Symbol(react.forward_ref),
                    "attrs": Array [],
                    "componentStyle": ComponentStyle {
                      "componentId": "sc-bZQynM",
                      "isStatic": true,
                      "rules": Array [
                        "
	width: 20vw;
	color: black;
",
                      ],
                    },
                    "displayName": "styled.div",
                    "foldedComponentIds": Array [],
                    "render": [Function],
                    "styledComponentId": "sc-bZQynM",
                    "target": "div",
                    "toString": [Function],
                    "warnTooManyClasses": [Function],
                    "withComponent": [Function],
                  },
                },
              ],
              "type": Object {
                "$$typeof": Symbol(react.forward_ref),
                "attrs": Array [],
                "componentStyle": ComponentStyle {
                  "componentId": "sc-ifAKCX",
                  "isStatic": true,
                  "rules": Array [
                    "
	display: flex;
	flex-direction: column;
	height: 100%;
	width: 30px;
",
                  ],
                },
                "displayName": "styled.div",
                "foldedComponentIds": Array [],
                "render": [Function],
                "styledComponentId": "sc-ifAKCX",
                "target": "div",
                "toString": [Function],
                "warnTooManyClasses": [Function],
                "withComponent": [Function],
              },
            },
            Object {
              "instance": null,
              "key": undefined,
              "nodeType": "function",
              "props": Object {
                "disabled": false,
                "onChange": [Function],
                "placeholder": "0",
                "type": "number",
                "value": undefined,
              },
              "ref": null,
              "rendered": null,
              "type": Object {
                "$$typeof": Symbol(react.forward_ref),
                "attrs": Array [],
                "componentStyle": ComponentStyle {
                  "componentId": "sc-bxivhb",
                  "isStatic": true,
                  "rules": Array [
                    "
	width: 100%;
	font-size: 3rem; 
	appearance: none;
	margin: 0;
	background-color: transparent;
	text-align: right;
",
                  ],
                },
                "displayName": "styled.input",
                "foldedComponentIds": Array [],
                "render": [Function],
                "styledComponentId": "sc-bxivhb",
                "target": "input",
                "toString": [Function],
                "warnTooManyClasses": [Function],
                "withComponent": [Function],
              },
            },
          ],
          "type": Object {
            "$$typeof": Symbol(react.forward_ref),
            "attrs": Array [],
            "componentStyle": ComponentStyle {
              "componentId": "sc-bwzfXH",
              "isStatic": true,
              "rules": Array [
                "
	display: flex;
	align-items: center;
	height: 100%;
	padding: 0 4%;
",
              ],
            },
            "displayName": "styled.div",
            "foldedComponentIds": Array [],
            "render": [Function],
            "styledComponentId": "sc-bwzfXH",
            "target": "div",
            "toString": [Function],
            "warnTooManyClasses": [Function],
            "withComponent": [Function],
          },
        },
        "type": Object {
          "$$typeof": Symbol(react.forward_ref),
          "attrs": Array [],
          "componentStyle": ComponentStyle {
            "componentId": "sc-bdVaJa",
            "isStatic": false,
            "rules": Array [
              "
	display: flex;
	flex-direction: column;
	width: 100%;
	height: 10vh;
	background: ",
              [Function],
              ";
	padding: 5% 0;

	@media (min-width: 700px) {
		width: 45%;
	}
",
            ],
          },
          "displayName": "styled.div",
          "foldedComponentIds": Array [],
          "render": [Function],
          "styledComponentId": "sc-bdVaJa",
          "target": "div",
          "toString": [Function],
          "warnTooManyClasses": [Function],
          "withComponent": [Function],
        },
      },
    ],
    Symbol(enzyme.__options__): Object {
      "adapter": ReactSixteenAdapter {
        "options": Object {
          "enableComponentDidUpdateOnSetState": true,
          "lifecycles": Object {
            "componentDidUpdate": Object {
              "onSetState": true,
            },
            "getDerivedStateFromProps": true,
            "getSnapshotBeforeUpdate": true,
            "setState": Object {
              "skipsComponentDidUpdateOnNullish": true,
            },
          },
        },
      },
    },
  },
  Symbol(enzyme.__unrendered__): null,
  Symbol(enzyme.__renderer__): Object {
    "batchedUpdates": [Function],
    "getNode": [Function],
    "render": [Function],
    "simulateError": [Function],
    "simulateEvent": [Function],
    "unmount": [Function],
  },
  Symbol(enzyme.__node__): undefined,
  Symbol(enzyme.__nodes__): Array [],
  Symbol(enzyme.__options__): Object {
    "adapter": ReactSixteenAdapter {
      "options": Object {
        "enableComponentDidUpdateOnSetState": true,
        "lifecycles": Object {
          "componentDidUpdate": Object {
            "onSetState": true,
          },
          "getDerivedStateFromProps": true,
          "getSnapshotBeforeUpdate": true,
          "setState": Object {
            "skipsComponentDidUpdateOnNullish": true,
          },
        },
      },
    },
  },
  Symbol(enzyme.__rootNodes__): Array [
    Object {
      "instance": null,
      "key": undefined,
      "nodeType": "function",
      "props": Object {
        "children": <ForwardRef>
          <ForwardRef>
            <ForwardRef>
              <ForwardRef
                size="large"
                src={
                  Object {
                    "ReactComponent": [Function],
                    "__esModule": true,
                    "default": "GBP.svg",
                  }
                }
              />
              <p>
                GBP
              </p>
            </ForwardRef>
            <ForwardRef>
              Balance: 
              0
            </ForwardRef>
          </ForwardRef>
          <ForwardRef
            disabled={false}
            onChange={[Function]}
            placeholder="0"
            type="number"
          />
        </ForwardRef>,
        "style": Object {
          "background": "#FFFFFF",
          "color": "transparent",
        },
      },
      "ref": null,
      "rendered": Object {
        "instance": null,
        "key": undefined,
        "nodeType": "function",
        "props": Object {
          "children": Array [
            <ForwardRef>
              <ForwardRef>
                <ForwardRef
                  size="large"
                  src={
                    Object {
                      "ReactComponent": [Function],
                      "__esModule": true,
                      "default": "GBP.svg",
                    }
                  }
                />
                <p>
                  GBP
                </p>
              </ForwardRef>
              <ForwardRef>
                Balance: 
                0
              </ForwardRef>
            </ForwardRef>,
            <ForwardRef
              disabled={false}
              onChange={[Function]}
              placeholder="0"
              type="number"
            />,
          ],
        },
        "ref": null,
        "rendered": Array [
          Object {
            "instance": null,
            "key": undefined,
            "nodeType": "function",
            "props": Object {
              "children": Array [
                <ForwardRef>
                  <ForwardRef
                    size="large"
                    src={
                      Object {
                        "ReactComponent": [Function],
                        "__esModule": true,
                        "default": "GBP.svg",
                      }
                    }
                  />
                  <p>
                    GBP
                  </p>
                </ForwardRef>,
                <ForwardRef>
                  Balance: 
                  0
                </ForwardRef>,
              ],
            },
            "ref": null,
            "rendered": Array [
              Object {
                "instance": null,
                "key": undefined,
                "nodeType": "function",
                "props": Object {
                  "children": Array [
                    <ForwardRef
                      size="large"
                      src={
                        Object {
                          "ReactComponent": [Function],
                          "__esModule": true,
                          "default": "GBP.svg",
                        }
                      }
                    />,
                    <p>
                      GBP
                    </p>,
                  ],
                  "onClick": undefined,
                },
                "ref": null,
                "rendered": Array [
                  Object {
                    "instance": null,
                    "key": undefined,
                    "nodeType": "function",
                    "props": Object {
                      "size": "large",
                      "src": Object {
                        "ReactComponent": [Function],
                        "__esModule": true,
                        "default": "GBP.svg",
                      },
                    },
                    "ref": null,
                    "rendered": null,
                    "type": Object {
                      "$$typeof": Symbol(react.forward_ref),
                      "attrs": Array [],
                      "componentStyle": ComponentStyle {
                        "componentId": "sc-htpNat",
                        "isStatic": false,
                        "rules": Array [
                          "
	width: 100%;
	margin-right: 15px;
	height: ",
                          [Function],
                          "
",
                        ],
                      },
                      "displayName": "styled.img",
                      "foldedComponentIds": Array [],
                      "render": [Function],
                      "styledComponentId": "sc-htpNat",
                      "target": "img",
                      "toString": [Function],
                      "warnTooManyClasses": [Function],
                      "withComponent": [Function],
                    },
                  },
                  Object {
                    "instance": null,
                    "key": undefined,
                    "nodeType": "host",
                    "props": Object {
                      "children": "GBP",
                    },
                    "ref": null,
                    "rendered": "GBP",
                    "type": "p",
                  },
                ],
                "type": Object {
                  "$$typeof": Symbol(react.forward_ref),
                  "attrs": Array [],
                  "componentStyle": ComponentStyle {
                    "componentId": "sc-EHOje",
                    "isStatic": true,
                    "rules": Array [
                      "
	display: flex;
	align-items: center;
	height: 100%;
	background-color: transparent;
	cursor: pointer;
",
                    ],
                  },
                  "displayName": "styled.button",
                  "foldedComponentIds": Array [],
                  "render": [Function],
                  "styledComponentId": "sc-EHOje",
                  "target": "button",
                  "toString": [Function],
                  "warnTooManyClasses": [Function],
                  "withComponent": [Function],
                },
              },
              Object {
                "instance": null,
                "key": undefined,
                "nodeType": "function",
                "props": Object {
                  "children": Array [
                    "Balance: ",
                    0,
                  ],
                },
                "ref": null,
                "rendered": Array [
                  "Balance: ",
                  0,
                ],
                "type": Object {
                  "$$typeof": Symbol(react.forward_ref),
                  "attrs": Array [],
                  "componentStyle": ComponentStyle {
                    "componentId": "sc-bZQynM",
                    "isStatic": true,
                    "rules": Array [
                      "
	width: 20vw;
	color: black;
",
                    ],
                  },
                  "displayName": "styled.div",
                  "foldedComponentIds": Array [],
                  "render": [Function],
                  "styledComponentId": "sc-bZQynM",
                  "target": "div",
                  "toString": [Function],
                  "warnTooManyClasses": [Function],
                  "withComponent": [Function],
                },
              },
            ],
            "type": Object {
              "$$typeof": Symbol(react.forward_ref),
              "attrs": Array [],
              "componentStyle": ComponentStyle {
                "componentId": "sc-ifAKCX",
                "isStatic": true,
                "rules": Array [
                  "
	display: flex;
	flex-direction: column;
	height: 100%;
	width: 30px;
",
                ],
              },
              "displayName": "styled.div",
              "foldedComponentIds": Array [],
              "render": [Function],
              "styledComponentId": "sc-ifAKCX",
              "target": "div",
              "toString": [Function],
              "warnTooManyClasses": [Function],
              "withComponent": [Function],
            },
          },
          Object {
            "instance": null,
            "key": undefined,
            "nodeType": "function",
            "props": Object {
              "disabled": false,
              "onChange": [Function],
              "placeholder": "0",
              "type": "number",
              "value": undefined,
            },
            "ref": null,
            "rendered": null,
            "type": Object {
              "$$typeof": Symbol(react.forward_ref),
              "attrs": Array [],
              "componentStyle": ComponentStyle {
                "componentId": "sc-bxivhb",
                "isStatic": true,
                "rules": Array [
                  "
	width: 100%;
	font-size: 3rem; 
	appearance: none;
	margin: 0;
	background-color: transparent;
	text-align: right;
",
                ],
              },
              "displayName": "styled.input",
              "foldedComponentIds": Array [],
              "render": [Function],
              "styledComponentId": "sc-bxivhb",
              "target": "input",
              "toString": [Function],
              "warnTooManyClasses": [Function],
              "withComponent": [Function],
            },
          },
        ],
        "type": Object {
          "$$typeof": Symbol(react.forward_ref),
          "attrs": Array [],
          "componentStyle": ComponentStyle {
            "componentId": "sc-bwzfXH",
            "isStatic": true,
            "rules": Array [
              "
	display: flex;
	align-items: center;
	height: 100%;
	padding: 0 4%;
",
            ],
          },
          "displayName": "styled.div",
          "foldedComponentIds": Array [],
          "render": [Function],
          "styledComponentId": "sc-bwzfXH",
          "target": "div",
          "toString": [Function],
          "warnTooManyClasses": [Function],
          "withComponent": [Function],
        },
      },
      "type": Object {
        "$$typeof": Symbol(react.forward_ref),
        "attrs": Array [],
        "componentStyle": ComponentStyle {
          "componentId": "sc-bdVaJa",
          "isStatic": false,
          "rules": Array [
            "
	display: flex;
	flex-direction: column;
	width: 100%;
	height: 10vh;
	background: ",
            [Function],
            ";
	padding: 5% 0;

	@media (min-width: 700px) {
		width: 45%;
	}
",
          ],
        },
        "displayName": "styled.div",
        "foldedComponentIds": Array [],
        "render": [Function],
        "styledComponentId": "sc-bdVaJa",
        "target": "div",
        "toString": [Function],
        "warnTooManyClasses": [Function],
        "withComponent": [Function],
      },
    },
  ],
}
`;
